File loaded: C:/APLAB/denso/250811/Teach_Data_SDK/backup/Book4.csv
File loaded: C:/Users/jamea/Downloads/Real_8_10_68.csv
Test file loaded: C:/Users/jamea/Downloads/Real_8_10_68.csv
Starting training...
Epoch: 100 Membership: 3 Step_size: 0.1 Decrease: 0.9 Increase: 0.1
0. RMSE error: 2.8551174732150695e-06
1. RMSE error: 2.7943032308857577e-06
2. RMSE error: 2.863102567059148e-06
3. RMSE error: 3.2095445145427913e-06
4. RMSE error: 3.4510078734551067e-06
5. RMSE error: 3.2799844380598615e-06
6. RMSE error: 7.868204229641196e-06
7. RMSE error: 3.5312408416507144e-06
8. RMSE error: 3.4420901375041245e-06
9. RMSE error: 1.953248227958706e-05
10. RMSE error: 3.4070806970186687e-06
11. RMSE error: 2.5278769270629904e-05
12. RMSE error: 3.401097188163548e-06
13. RMSE error: 2.4130042152969613e-05
14. RMSE error: 3.4150333995391573e-06
15. RMSE error: 2.1861223303595195e-05
16. RMSE error: 3.4464867464516875e-06
17. RMSE error: 1.9762744627248514e-05
18. RMSE error: 3.4959326091921493e-06
19. RMSE error: 1.8244813004160274e-05
20. RMSE error: 3.568980753487652e-06
21. RMSE error: 1.7577351785944902e-05
22. RMSE error: 3.6780508667287933e-06
23. RMSE error: 1.8205259530372575e-05
24. RMSE error: 3.867689799688944e-06
25. RMSE error: 1.880711016090142e-05
26. RMSE error: 4.098848486675557e-06
27. RMSE error: 1.9206879672989164e-05
28. RMSE error: 4.551527111107028e-06
29. RMSE error: 1.8330910463484572e-05
30. RMSE error: 4.819932814414898e-06
31. RMSE error: 1.920715205582579e-05
32. RMSE error: 5.413496434711481e-06
33. RMSE error: 2.2659614527618003e-05
34. RMSE error: 7.282026769513599e-06
35. RMSE error: 3.308539074949544e-05
36. RMSE error: 1.392270234657471e-05
37. RMSE error: 4.41712974231054e-05
38. RMSE error: 2.311728150546855e-05
39. RMSE error: 5.109460303133769e-05
40. RMSE error: 3.591012823340489e-05
41. RMSE error: 6.204226094591551e-05
42. RMSE error: 2.036399855012076e-06
43. RMSE error: 1.9844529016274858e-06
44. RMSE error: 2.063153749694698e-06
45. RMSE error: 2.4617025344432622e-06
46. RMSE error: 2.0882388114957473e-06
47. RMSE error: 2.1692016106233998e-06
48. RMSE error: 8.667931349983455e-06
49. RMSE error: 2.2802194962113828e-06
50. RMSE error: 2.330447818081461e-06
51. RMSE error: 2.4897632251900625e-06
52. RMSE error: 2.5024552556835846e-06
53. RMSE error: 2.7048533668042508e-06
54. RMSE error: 2.83448287892526e-06
55. RMSE error: 3.15619179197621e-06
56. RMSE error: 3.4845660113571024e-06
57. RMSE error: 4.19125352577534e-06
58. RMSE error: 6.390836722170003e-06
59. RMSE error: 2.066779480716427e-05
60. RMSE error: 2.3916903587794075e-05
61. RMSE error: 2.437264228032098e-05
62. RMSE error: 4.024344946465244e-05
63. RMSE error: 2.1803785194179208e-05
64. RMSE error: 9.799622440755023e-05
65. RMSE error: 4.446904487752905e-05
66. RMSE error: 0.00012593244787437334
67. RMSE error: 7.747823722682982e-05
68. RMSE error: 0.00010461093357194854
69. RMSE error: 0.00010790454519942874
70. RMSE error: 6.934701728156157e-05
71. RMSE error: 0.00012501397911223502
72. RMSE error: 4.0901441722205966e-05
73. RMSE error: 0.00012891787444720867
74. RMSE error: 2.4048165585595566e-05
75. RMSE error: 0.00012540675129543754
76. RMSE error: 1.4511434540537912e-05
77. RMSE error: 0.0001180765717821037
78. RMSE error: 9.058074922417188e-06
79. RMSE error: 0.00010818880315983824
80. RMSE error: 5.845973332938548e-06
81. RMSE error: 9.53671396298278e-05
82. RMSE error: 4.124913384456186e-06
83. RMSE error: 7.48932988079838e-05
84. RMSE error: 3.9412221092701104e-06
85. RMSE error: 3.8980100197731056e-05
86. RMSE error: 7.735451554418212e-06
87. RMSE error: 2.424248256811937e-05
88. RMSE error: 8.785137815891962e-06
89. RMSE error: 1.962501256327029e-05
90. RMSE error: 6.858530992526136e-06
91. RMSE error: 1.5956908149381065e-05
92. RMSE error: 5.422208355666074e-06
93. RMSE error: 1.3114629213447633e-05
94. RMSE error: 4.311938212072441e-06
95. RMSE error: 1.086987024361411e-05
96. RMSE error: 3.395784288246132e-06
97. RMSE error: 3.5506087861517445e-06
98. RMSE error: 1.1091972482492444e-07
99. RMSE error: 1.0527416054334517e-07
Total RMSE error myanfis: 0.50


Input 1 Membership Functions:

  MF1: gbellmf(x, [0.009476552763330448, 2.168133230801956, -0.2987637199205])

  MF2: gbellmf(x, [0.31385429866748676, 2.0048872364076114, 0.46061539183800976])

  MF3: gbellmf(x, [-0.00036434625192257296, 2.0070768303162385, 0.9214071754650699])



Input 2 Membership Functions:

  MF1: gbellmf(x, [0.8584919562684251, 1.8847673844559742, 1.2871758089942618])

  MF2: gbellmf(x, [-0.008106349531922298, 2.014961461172873, 1.5330871132550687])

  MF3: gbellmf(x, [-0.06187997616281907, 2.1235798657082827, 2.0042159511146282])



MF RULE OUTPUT
  [[ 1.29482650e-08  3.94307709e-08  3.85675418e-08]
 [ 6.59764144e-16  2.11931178e-15  1.97831836e-15]
 [ 4.97578282e-10  3.41830549e-09  1.70930059e-09]
 [ 1.02827869e-06  2.26741425e+00  2.23261909e+00]
 [ 1.91340932e-14  1.18465963e-07  1.12782780e-07]
 [-5.35029905e-07  1.37790857e-01  6.89040466e-02]
 [-1.11940070e-11 -1.62224082e-11 -1.60052167e-11]
 [-5.63376885e-19 -8.40296734e-19 -8.04822300e-19]
 [-3.09221719e-13 -8.60106912e-13 -4.30115361e-13]]])

Training completed successfully.
By AP_Lab
Test_Function and save to .csv ...
Value Error: 'charmap' codec can't encode character '\u2705' in position 0: character maps to <undefined>
Plots generated successfully.
##################################################
Starting training...
Epoch: 100 Membership: 3 Step_size: 0.1 Decrease: 0.9 Increase: 0.1
0. RMSE error: 0.00030512089315227055
1. RMSE error: 5.481083157246295e-05
2. RMSE error: 4.3478320565650645e-06
3. RMSE error: 4.479584156515776e-05
4. RMSE error: 4.042937039564471e-06
5. RMSE error: 3.6356222759257264e-05
6. RMSE error: 3.6418267842178274e-06
7. RMSE error: 3.31560409039494e-05
8. RMSE error: 3.3524981583420937e-06
9. RMSE error: 3.159665379189931e-05
10. RMSE error: 3.1677918974402247e-06
11. RMSE error: 3.063954712081006e-05
12. RMSE error: 3.0454470827372473e-06
13. RMSE error: 2.997902218967635e-05
14. RMSE error: 2.9612925077532706e-06
15. RMSE error: 2.9486862863925847e-05
16. RMSE error: 2.9024410843117614e-06
17. RMSE error: 2.9101420846943257e-05
18. RMSE error: 2.8613332299758245e-06
19. RMSE error: 2.8791182293817146e-05
20. RMSE error: 2.833331800182059e-06
21. RMSE error: 2.8533954518349197e-05
22. RMSE error: 2.8156844702239138e-06
23. RMSE error: 2.8317549031843433e-05
24. RMSE error: 2.8062785764654657e-06
25. RMSE error: 2.8133685924823684e-05
26. RMSE error: 2.803778540274734e-06
27. RMSE error: 2.7976649385652197e-05
28. RMSE error: 2.8071011924280687e-06
29. RMSE error: 2.7841945106619905e-05
30. RMSE error: 2.815692350693415e-06
31. RMSE error: 2.7729163678379046e-05
32. RMSE error: 2.8283664964973637e-06
33. RMSE error: 2.763080965742489e-05
34. RMSE error: 2.8458883637915887e-06
35. RMSE error: 2.755224411618074e-05
36. RMSE error: 2.866905890548998e-06
37. RMSE error: 2.748548977466575e-05
38. RMSE error: 2.8923890978962386e-06
39. RMSE error: 2.7436611145124548e-05
40. RMSE error: 2.921407900383447e-06
41. RMSE error: 2.7401573346426844e-05
42. RMSE error: 2.9541303386144593e-06
43. RMSE error: 2.7380634706409987e-05
44. RMSE error: 2.9908508757332076e-06
45. RMSE error: 2.7376446419360493e-05
46. RMSE error: 3.031273343707151e-06
47. RMSE error: 2.738515456741775e-05
48. RMSE error: 3.0767503305668056e-06
49. RMSE error: 2.7415218790776265e-05
50. RMSE error: 3.126021779343354e-06
51. RMSE error: 2.745738680427994e-05
52. RMSE error: 3.18108812526223e-06
53. RMSE error: 2.752484645141966e-05
54. RMSE error: 3.2413376210871074e-06
55. RMSE error: 2.7608807940268494e-05
56. RMSE error: 3.3086856436177258e-06
57. RMSE error: 2.7722928323983904e-05
58. RMSE error: 3.3828407852346074e-06
59. RMSE error: 2.785749654284919e-05
60. RMSE error: 3.4675304084398363e-06
61. RMSE error: 2.8042037431106476e-05
62. RMSE error: 3.561425816957006e-06
63. RMSE error: 2.8240437370782953e-05
64. RMSE error: 3.672022203052943e-06
65. RMSE error: 2.852816024114705e-05
66. RMSE error: 3.7946961395203213e-06
67. RMSE error: 2.874734575765181e-05
68. RMSE error: 3.954310471399067e-06
69. RMSE error: 2.9038015135664347e-05
70. RMSE error: 4.1351247324243965e-06
71. RMSE error: 2.798220626865421e-05
72. RMSE error: 4.4586049677066464e-06
73. RMSE error: 2.2261177781626225e-05
74. RMSE error: 6.206724051203582e-06
75. RMSE error: 1.3960232670764213e-05
76. RMSE error: 5.933052724957957e-06
77. RMSE error: 1.3534379467802407e-05
78. RMSE error: 6.192483611681056e-06
79. RMSE error: 1.4720078145418345e-05
80. RMSE error: 6.856420609683481e-06
81. RMSE error: 1.629983106142259e-05
82. RMSE error: 7.89392234187437e-06
83. RMSE error: 1.8102937875674984e-05
84. RMSE error: 1.0217822914651217e-05
85. RMSE error: 2.5530674759569702e-05
86. RMSE error: 2.1485420925725128e-05
87. RMSE error: 1.8146834825726928e-05
88. RMSE error: 0.0001358940680077303
89. RMSE error: 5.9549191846645936e-06
90. RMSE error: 1.685711921916688e-05
91. RMSE error: 6.386412637285983e-06
92. RMSE error: 1.0107945853415622e-05
93. RMSE error: 4.828426015614967e-06
94. RMSE error: 2.6620175993417643e-05
95. RMSE error: 5.664549528776108e-06
96. RMSE error: 2.7619451081165656e-06
97. RMSE error: 5.303278498374992e-05
98. RMSE error: 1.2453756022117611e-05
99. RMSE error: 4.711460578321974e-06
Total RMSE error myanfis: 1.90


Input 1 Membership Functions:

  MF1: gbellmf(x, [0.07370337758454301, 1.999901504230385, 0.3148179321784036])

  MF2: gbellmf(x, [-0.06484672697837653, 2.0020627481259368, 0.5019389919154691])

  MF3: gbellmf(x, [0.09875881906011592, 1.9998407806672935, 0.7067020222113939])



Input 2 Membership Functions:

  MF1: gbellmf(x, [0.10786779737174625, 1.9887881952315063, 0.984051244071192])

  MF2: gbellmf(x, [0.12130108125719526, 2.0613333638313396, 1.266595492432042])

  MF3: gbellmf(x, [0.14570913291777052, 2.003113454968459, 2.0031190808321444])



MF RULE OUTPUT
  [[ 1.29781451e-03  2.83136638e+00  2.83527020e+00]
 [-4.46967126e-04  9.77420812e-01  1.00863746e+00]
 [ 1.75208094e-01  1.00750493e+00  5.04358169e-01]
 [ 4.21152469e-04  2.83159661e+00  2.83550075e+00]
 [-1.54188244e-04  9.77426042e-01  1.00959928e+00]
 [ 3.35208607e-02  1.23881962e-01  6.25473874e-02]
 [ 4.66900901e-04  2.83143364e+00  2.83533813e+00]
 [-3.11767443e-04  9.77393923e-01  1.00863117e+00]
 [ 3.14436221e-01  9.93502478e-01  4.97356952e-01]]])

Training completed successfully.
By AP_Lab
Test_Function and save to .csv ...
Value Error: 'charmap' codec can't encode character '\u2705' in position 0: character maps to <undefined>
Plots generated successfully.
##################################################
Starting training...
Epoch: 100 Membership: 3 Step_size: 0.1 Decrease: 0.9 Increase: 0.1
0. RMSE error: 3.4283001454627085e-06
1. RMSE error: 4.906176623933445e-06
2. RMSE error: 3.4691022719751016e-06
3. RMSE error: 4.043840400591466e-06
4. RMSE error: 3.3513513399906546e-06
5. RMSE error: 2.523711848409544e-06
6. RMSE error: 0.0003578861272543869
7. RMSE error: 1.4492254278473353e-05
8. RMSE error: 8.085932546437535e-05
9. RMSE error: 4.3326009026981245e-06
10. RMSE error: 2.0530436171922543e-05
11. RMSE error: 1.2323468633510262e-05
12. RMSE error: 4.2592373282360805e-06
13. RMSE error: 5.989906007281927e-06
14. RMSE error: 0.0003888389400291896
15. RMSE error: 3.1402764798905007e-06
16. RMSE error: 7.069997049689529e-05
17. RMSE error: 4.258248297523665e-06
18. RMSE error: 0.00011518958714370461
19. RMSE error: 6.030260729879845e-06
20. RMSE error: 1.6346228402238968e-05
21. RMSE error: 5.205782968384827e-06
22. RMSE error: 1.500440304927151e-05
23. RMSE error: 5.177354519048141e-06
24. RMSE error: 1.4000700595772709e-05
25. RMSE error: 5.0976079709839575e-06
26. RMSE error: 1.2450511131091968e-05
27. RMSE error: 5.166390623749134e-06
28. RMSE error: 1.1094103736423793e-05
29. RMSE error: 5.4303344993285245e-06
30. RMSE error: 8.044798464469367e-06
31. RMSE error: 4.790162365801928e-06
32. RMSE error: 1.4244312235366198e-05
33. RMSE error: 5.616981008414074e-06
34. RMSE error: 2.7433411451895576e-06
35. RMSE error: 4.7477849520968036e-05
36. RMSE error: 1.9282312836164274e-05
37. RMSE error: 5.531077559407923e-06
38. RMSE error: 2.7922231312345132e-06
39. RMSE error: 5.0753560473946164e-05
40. RMSE error: 1.5045524025853412e-05
41. RMSE error: 5.110647876333661e-06
42. RMSE error: 1.4650253320900306e-05
43. RMSE error: 5.089549986878705e-06
44. RMSE error: 1.4540392834353867e-05
45. RMSE error: 5.039391998463244e-06
46. RMSE error: 1.4095663999560205e-05
47. RMSE error: 5.017615504027913e-06
48. RMSE error: 1.3940238655713754e-05
49. RMSE error: 4.9724198183987515e-06
50. RMSE error: 1.3061777188374176e-05
51. RMSE error: 4.982252346853855e-06
52. RMSE error: 1.2484084323655833e-05
53. RMSE error: 5.1893351229331005e-06
54. RMSE error: 9.142697452939244e-06
55. RMSE error: 4.31188648230611e-06
56. RMSE error: 3.3235421710170334e-05
57. RMSE error: 5.274652743364085e-06
58. RMSE error: 2.8891308694409946e-06
59. RMSE error: 4.7953210599171064e-05
60. RMSE error: 3.4436599519824213e-05
61. RMSE error: 4.846013906451768e-06
62. RMSE error: 3.145238136998173e-05
63. RMSE error: 4.80444558501258e-06
64. RMSE error: 1.473477172346073e-05
65. RMSE error: 5.197152435987618e-06
66. RMSE error: 1.1928107300554367e-05
67. RMSE error: 5.611370684957084e-06
68. RMSE error: 6.82289834426471e-06
69. RMSE error: 4.542105622845208e-06
70. RMSE error: 2.5778687756280278e-05
71. RMSE error: 5.942329317611756e-06
72. RMSE error: 3.457223642194691e-06
73. RMSE error: 6.514351819037627e-05
74. RMSE error: 1.0641616846621511e-05
75. RMSE error: 5.352413681931593e-06
76. RMSE error: 1.2363318709057255e-05
77. RMSE error: 5.158400286059356e-06
78. RMSE error: 1.1767583158289877e-05
79. RMSE error: 5.133083197950375e-06
80. RMSE error: 1.1638285909732971e-05
81. RMSE error: 5.092947464381499e-06
82. RMSE error: 1.0812982873605513e-05
83. RMSE error: 5.122275781121826e-06
84. RMSE error: 1.0753887198109224e-05
85. RMSE error: 5.090058022534652e-06
86. RMSE error: 8.873460711667368e-06
87. RMSE error: 5.070424488666592e-06
88. RMSE error: 9.737465568581849e-06
89. RMSE error: 5.144334653434955e-06
90. RMSE error: 7.338718617724188e-06
91. RMSE error: 4.923837872939835e-06
92. RMSE error: 1.028324066864315e-05
93. RMSE error: 5.084355770427754e-06
94. RMSE error: 9.129133639953414e-06
95. RMSE error: 4.979836560828214e-06
96. RMSE error: 7.520446251108834e-06
97. RMSE error: 4.975989151984423e-06
98. RMSE error: 4.346284914644382e-06
99. RMSE error: 0.000251310372469639
Total RMSE error myanfis: 11.49


Input 1 Membership Functions:

  MF1: gbellmf(x, [0.06942308146026267, 1.9999812463803393, 0.3116505860516195])

  MF2: gbellmf(x, [0.07493031488775738, 1.999892934648186, 0.5234222983701722])

  MF3: gbellmf(x, [0.06790799096077085, 1.9999958141321306, 0.7346306776359367])



Input 2 Membership Functions:

  MF1: gbellmf(x, [-0.0003947289839630333, 1.9950485938294962, 0.9704672841250205])

  MF2: gbellmf(x, [-0.13590688310641214, 2.0108928984319654, 1.1412019154740451])

  MF3: gbellmf(x, [-0.1408314803026141, 2.029967359683971, 1.1603155972468333])



MF RULE OUTPUT
  [[ 1.62314376e-06  2.43722108e-05  2.43734188e-05]
 [-6.28361041e-01 -9.89309076e+00 -8.39377016e+00]
 [ 5.29623843e-02 -2.49778429e+00  8.28635625e+00]
 [ 8.41880305e-07  2.44174954e-05  2.44187057e-05]
 [-3.26632267e-01 -9.91179097e+00 -8.40965561e+00]
 [ 2.23033241e-02 -2.50471488e+00  8.29967131e+00]
 [ 2.28499357e-06  2.39891615e-05  2.39903502e-05]
 [-8.85252624e-01 -9.73270474e+00 -8.25739395e+00]
 [ 6.97236516e-02 -2.42329540e+00  8.18815004e+00]]])

Training completed successfully.
By AP_Lab
Test_Function and save to .csv ...
Value Error: 'charmap' codec can't encode character '\u2705' in position 0: character maps to <undefined>
Plots generated successfully.
##################################################
Starting training...
Epoch: 100 Membership: 3 Step_size: 0.1 Decrease: 0.9 Increase: 0.1
0. RMSE error: 2.6995922832211747e-06
1. RMSE error: 2.7127300860697637e-06
2. RMSE error: 2.7451072443320464e-06
3. RMSE error: 2.8069092925476373e-06
4. RMSE error: 2.9212043950584436e-06
5. RMSE error: 3.150207781927294e-06
6. RMSE error: 3.737499062867328e-06
7. RMSE error: 6.903607292897692e-06
8. RMSE error: 0.00010825629512315203
9. RMSE error: 2.058365266315464e-05
10. RMSE error: 0.00012918582697037188
11. RMSE error: 4.456732094900158e-05
12. RMSE error: 2.141552416969945e-05
13. RMSE error: 2.8301428615537653e-05
14. RMSE error: 0.00013307355392576744
15. RMSE error: 3.3447261242573594e-05
16. RMSE error: 9.73014320030136e-06
17. RMSE error: 2.5931362175475418e-05
18. RMSE error: 3.4595509447500803e-07
19. RMSE error: 0.0001018574479744122
20. RMSE error: 2.932059186296367e-05
21. RMSE error: 4.394398195997768e-05
22. RMSE error: 4.653163079627588e-05
23. RMSE error: 1.9241117506075258e-05
24. RMSE error: 6.669707349453849e-05
25. RMSE error: 8.224661819458338e-06
26. RMSE error: 8.703923277730299e-05
27. RMSE error: 3.1569275489570576e-06
28. RMSE error: 0.00010636214269436501
29. RMSE error: 1.2731264769980554e-06
30. RMSE error: 0.0001366746142373079
31. RMSE error: 2.1500969332713124e-06
32. RMSE error: 0.00014056034936724514
33. RMSE error: 1.3222969983381895e-06
34. RMSE error: 0.00012531122594813766
35. RMSE error: 1.8346053581342566e-06
36. RMSE error: 0.00010777912247972699
37. RMSE error: 1.4190749441398551e-06
38. RMSE error: 8.19181183720356e-05
39. RMSE error: 1.6024967346949544e-06
40. RMSE error: 6.307685356256254e-05
41. RMSE error: 1.5307699730951756e-06
42. RMSE error: 4.827460885533601e-05
43. RMSE error: 1.4751708299950789e-06
44. RMSE error: 3.483827435168971e-05
45. RMSE error: 1.7022229905160239e-06
46. RMSE error: 2.7430904727876682e-05
47. RMSE error: 1.6146664947898237e-06
48. RMSE error: 2.2018428095330145e-05
49. RMSE error: 1.498030537954063e-06
50. RMSE error: 1.7388237869223024e-05
51. RMSE error: 1.4460955841299227e-06
52. RMSE error: 1.3242950421528724e-05
53. RMSE error: 1.474953403967388e-06
54. RMSE error: 9.650813432112198e-06
55. RMSE error: 1.5765657436252653e-06
56. RMSE error: 7.228131265311939e-06
57. RMSE error: 1.5690691330822851e-06
58. RMSE error: 5.078167880379547e-06
59. RMSE error: 1.684624380800064e-06
60. RMSE error: 3.8299425720873005e-06
61. RMSE error: 1.6176822660669806e-06
62. RMSE error: 2.7064492688724524e-06
63. RMSE error: 1.6696426458994925e-06
64. RMSE error: 2.1873951424838582e-06
65. RMSE error: 1.4146008358863706e-06
66. RMSE error: 1.6337699914119037e-06
67. RMSE error: 1.3500804266331795e-06
68. RMSE error: 9.474339862438811e-07
69. RMSE error: 1.4306620750691514e-06
70. RMSE error: 7.054463335012428e-07
71. RMSE error: 8.06666911156821e-07
72. RMSE error: 3.1013579675195746e-07
73. RMSE error: 1.0811814381929113e-07
74. RMSE error: 1.0761125535472437e-07
75. RMSE error: 1.07543922929746e-07
76. RMSE error: 1.0756762636873148e-07
77. RMSE error: 1.0751158933910123e-07
78. RMSE error: 1.0752549686860556e-07
79. RMSE error: 1.0752286720280425e-07
80. RMSE error: 1.0755263895428261e-07
81. RMSE error: 1.0746736514776461e-07
82. RMSE error: 1.074199496373403e-07
83. RMSE error: 1.0746218319905829e-07
84. RMSE error: 1.0741837323483732e-07
85. RMSE error: 1.0748630842768262e-07
86. RMSE error: 1.0741113735085533e-07
87. RMSE error: 1.0746602544963797e-07
88. RMSE error: 1.074216923043477e-07
89. RMSE error: 1.0744670617926134e-07
90. RMSE error: 1.073229657499329e-07
91. RMSE error: 1.0740617000420941e-07
92. RMSE error: 1.0743226377999498e-07
93. RMSE error: 1.0736698615032246e-07
94. RMSE error: 1.0734844692104632e-07
95. RMSE error: 1.0739610649736536e-07
96. RMSE error: 1.0740635912511715e-07
97. RMSE error: 1.0733695225060239e-07
98. RMSE error: 1.073755937585473e-07
99. RMSE error: 1.0741484138209064e-07
Total RMSE error myanfis: 0.50


Input 1 Membership Functions:

  MF1: gbellmf(x, [0.00920918869466991, 2.2723608636700505, -0.4505603455096334])

  MF2: gbellmf(x, [0.3413955086466637, 2.008082597678702, 0.4643037259775403])

  MF3: gbellmf(x, [-0.0001854110126087497, 2.0051767303858314, 0.9241362628322121])



Input 2 Membership Functions:

  MF1: gbellmf(x, [2.1482201119102515, 0.7130848864451005, 1.129194923952275])

  MF2: gbellmf(x, [0.418011409839029, 2.681398657079464, 5.727703037823708])

  MF3: gbellmf(x, [0.9382439826565427, 2.5978283207371744, 10.076261117340351])



MF RULE OUTPUT
  [[ 1.84057765e-09  5.59274077e-09  5.57687264e-09]
 [ 4.28400171e-15  1.36910501e-14  1.29933407e-14]
 [ 5.34945597e-12  1.96452046e-10  1.96843913e-11]
 [ 1.14200924e-06  2.25202538e+00  2.24801915e+00]
 [ 2.23299095e-12  5.40266215e-06  5.22651138e-06]
 [-1.10067236e-07  4.96048420e-02  4.97628189e-03]
 [-6.91334868e-13 -9.85696844e-13 -9.86202181e-13]
 [-1.59973881e-18 -2.26016971e-18 -2.28238900e-18]
 [ 4.95223379e-16  6.24713224e-15  6.17780861e-16]]])

Training completed successfully.
By AP_Lab
Test_Function and save to .csv ...
Value Error: 'charmap' codec can't encode character '\u2705' in position 0: character maps to <undefined>
Plots generated successfully.
##################################################
